
=== launch palmitic_50ns_r2 seed=1003 at 2026-07-18 07:51:53 ===
Building system (one-time) ...
C:\Users\ASUS\miniforge3\envs\md\Lib\site-packages\openff\interchange\components\interchange.py:1119: FutureWarning: `torch.distributed.reduce_op` is deprecated, please use `torch.distributed.ReduceOp` instead
  if isinstance(obj, functools._lru_cache_wrapper) and obj.__module__.startswith("openff.interchange"):
1 warning generated.
Equilibration done.
Starting production from equilibrated state.
Running 12500000 steps (50.0 ns) ...

=== launch palmitic_50ns_r2 seed=1003 at 2026-07-18 09:22:57 ===
Loaded existing system.
Resuming from checkpoint at 6.2 ns (1562500/12500000 steps).
Running 10937500 steps (43.8 ns) ...

=== launch palmitic_50ns_r2 seed=1003 at 2026-07-18 10:53:59 ===
Loaded existing system.
Resuming from checkpoint at 12.5 ns (3125000/12500000 steps).
Running 9375000 steps (37.5 ns) ...

=== launch palmitic_50ns_r2 seed=1003 at 2026-07-18 12:24:47 ===
Loaded existing system.
Resuming from checkpoint at 18.8 ns (4687500/12500000 steps).
Running 7812500 steps (31.2 ns) ...

=== launch palmitic_50ns_r2 seed=1003 at 2026-07-18 13:55:39 ===
Loaded existing system.
Resuming from checkpoint at 25.0 ns (6250000/12500000 steps).
Running 6250000 steps (25.0 ns) ...

=== launch palmitic_50ns_r2 seed=1003 at 2026-07-18 15:27:30 ===
Loaded existing system.
Resuming from checkpoint at 31.2 ns (7812500/12500000 steps).
Running 4687500 steps (18.8 ns) ...

=== launch palmitic_50ns_r2 seed=1003 at 2026-07-18 16:58:21 ===
Loaded existing system.
Resuming from checkpoint at 37.5 ns (9375000/12500000 steps).
Running 3125000 steps (12.5 ns) ...

=== launch palmitic_50ns_r2 seed=1003 at 2026-07-18 18:29:24 ===
Loaded existing system.
Resuming from checkpoint at 43.8 ns (10937500/12500000 steps).
Running 1562500 steps (6.2 ns) ...
PRODUCTION COMPLETE: 50.0 ns. Trajectory: md\palmitic_50ns_r2\traj.dcd
