
=== launch methyl_epa_50ns_r2 seed=1005 at 2026-07-21 11:36:43 ===
Building system (one-time) ...
C:\Users\ASUS\miniforge3\envs\md\Lib\site-packages\openff\interchange\components\interchange.py:1119: FutureWarning: `torch.distributed.reduce_op` is deprecated, please use `torch.distributed.ReduceOp` instead
  if isinstance(obj, functools._lru_cache_wrapper) and obj.__module__.startswith("openff.interchange"):
1 warning generated.
Equilibration done.
Starting production from equilibrated state.
Running 12500000 steps (50.0 ns) ...

=== launch methyl_epa_50ns_r2 seed=1005 at 2026-07-21 13:07:30 ===
Loaded existing system.
Resuming from checkpoint at 6.2 ns (1562500/12500000 steps).
Running 10937500 steps (43.8 ns) ...

=== launch methyl_epa_50ns_r2 seed=1005 at 2026-07-21 14:38:00 ===
Loaded existing system.
Resuming from checkpoint at 12.5 ns (3125000/12500000 steps).
Running 9375000 steps (37.5 ns) ...

=== launch methyl_epa_50ns_r2 seed=1005 at 2026-07-21 16:08:36 ===
Loaded existing system.
Resuming from checkpoint at 18.8 ns (4687500/12500000 steps).
Running 7812500 steps (31.2 ns) ...

=== launch methyl_epa_50ns_r2 seed=1005 at 2026-07-21 17:39:23 ===
Loaded existing system.
Resuming from checkpoint at 25.2 ns (6312500/12500000 steps).
Running 6187500 steps (24.8 ns) ...

=== launch methyl_epa_50ns_r2 seed=1005 at 2026-07-21 19:10:06 ===
Loaded existing system.
Resuming from checkpoint at 31.8 ns (7937500/12500000 steps).
Running 4562500 steps (18.2 ns) ...

=== launch methyl_epa_50ns_r2 seed=1005 at 2026-07-21 20:40:53 ===
Loaded existing system.
Resuming from checkpoint at 38.0 ns (9500000/12500000 steps).
Running 3000000 steps (12.0 ns) ...

=== launch methyl_epa_50ns_r2 seed=1005 at 2026-07-21 22:11:37 ===
Loaded existing system.
Resuming from checkpoint at 44.2 ns (11062500/12500000 steps).
Running 1437500 steps (5.8 ns) ...
PRODUCTION COMPLETE: 50.0 ns. Trajectory: md\methyl_epa_50ns_r2\traj.dcd
