
=== launch gla_50ns_r3 seed=2002 at 2026-07-19 19:37:09 ===
Building system (one-time) ...
C:\Users\ASUS\miniforge3\envs\md\Lib\site-packages\openff\interchange\components\interchange.py:1119: FutureWarning: `torch.distributed.reduce_op` is deprecated, please use `torch.distributed.ReduceOp` instead
  if isinstance(obj, functools._lru_cache_wrapper) and obj.__module__.startswith("openff.interchange"):
1 warning generated.
Equilibration done.
Starting production from equilibrated state.
Running 12500000 steps (50.0 ns) ...

=== launch gla_50ns_r3 seed=2002 at 2026-07-19 21:07:45 ===
Loaded existing system.
Resuming from checkpoint at 6.2 ns (1562500/12500000 steps).
Running 10937500 steps (43.8 ns) ...

=== launch gla_50ns_r3 seed=2002 at 2026-07-19 22:38:54 ===
Loaded existing system.
Resuming from checkpoint at 12.5 ns (3125000/12500000 steps).
Running 9375000 steps (37.5 ns) ...

=== launch gla_50ns_r3 seed=2002 at 2026-07-19 23:55:18 ===
Loaded existing system.
Resuming from checkpoint at 17.8 ns (4437500/12500000 steps).
Running 8062500 steps (32.2 ns) ...

=== launch gla_50ns_r3 seed=2002 at 2026-07-20 00:12:25 ===
Loaded existing system.
Resuming from checkpoint at 18.8 ns (4687500/12500000 steps).
Running 7812500 steps (31.2 ns) ...

=== launch gla_50ns_r3 seed=2002 at 2026-07-20 00:17:06 ===
Loaded existing system.
Resuming from checkpoint at 18.8 ns (4687500/12500000 steps).
Running 7812500 steps (31.2 ns) ...

=== launch gla_50ns_r3 seed=2002 at 2026-07-20 01:47:37 ===
Loaded existing system.
Resuming from checkpoint at 25.2 ns (6312500/12500000 steps).
Running 6187500 steps (24.8 ns) ...

=== launch gla_50ns_r3 seed=2002 at 2026-07-20 03:18:08 ===
Loaded existing system.
Resuming from checkpoint at 31.8 ns (7937500/12500000 steps).
Running 4562500 steps (18.2 ns) ...

=== launch gla_50ns_r3 seed=2002 at 2026-07-20 04:48:39 ===
Loaded existing system.
Resuming from checkpoint at 38.2 ns (9562500/12500000 steps).
Running 2937500 steps (11.8 ns) ...

=== launch gla_50ns_r3 seed=2002 at 2026-07-20 06:19:02 ===
Loaded existing system.
Resuming from checkpoint at 44.5 ns (11125000/12500000 steps).
Running 1375000 steps (5.5 ns) ...
PRODUCTION COMPLETE: 50.0 ns. Trajectory: md\gla_50ns_r3\traj.dcd
