
=== launch gla_deprot_50ns_r2 seed=1008 at 2026-07-21 23:31:41 ===
Building system (one-time) ...
C:\Users\ASUS\miniforge3\envs\md\Lib\site-packages\openff\interchange\components\interchange.py:1119: FutureWarning: `torch.distributed.reduce_op` is deprecated, please use `torch.distributed.ReduceOp` instead
  if isinstance(obj, functools._lru_cache_wrapper) and obj.__module__.startswith("openff.interchange"):
1 warning generated.
Equilibration done.
Starting production from equilibrated state.
Running 12500000 steps (50.0 ns) ...

=== launch gla_deprot_50ns_r2 seed=1008 at 2026-07-22 01:02:00 ===
Loaded existing system.
Resuming from checkpoint at 6.0 ns (1500000/12500000 steps).
Running 11000000 steps (44.0 ns) ...

=== launch gla_deprot_50ns_r2 seed=1008 at 2026-07-22 02:32:30 ===
Loaded existing system.
Resuming from checkpoint at 12.2 ns (3062500/12500000 steps).
Running 9437500 steps (37.8 ns) ...

=== launch gla_deprot_50ns_r2 seed=1008 at 2026-07-22 04:03:16 ===
Loaded existing system.
Resuming from checkpoint at 18.5 ns (4625000/12500000 steps).
Running 7875000 steps (31.5 ns) ...

=== launch gla_deprot_50ns_r2 seed=1008 at 2026-07-22 05:33:50 ===
Loaded existing system.
Resuming from checkpoint at 24.5 ns (6125000/12500000 steps).
Running 6375000 steps (25.5 ns) ...

=== launch gla_deprot_50ns_r2 seed=1008 at 2026-07-22 07:04:36 ===
Loaded existing system.
Resuming from checkpoint at 30.8 ns (7687500/12500000 steps).
Running 4812500 steps (19.2 ns) ...

=== launch gla_deprot_50ns_r2 seed=1008 at 2026-07-22 08:35:22 ===
Loaded existing system.
Resuming from checkpoint at 37.0 ns (9250000/12500000 steps).
Running 3250000 steps (13.0 ns) ...

=== launch gla_deprot_50ns_r2 seed=1008 at 2026-07-22 10:06:10 ===
Loaded existing system.
Resuming from checkpoint at 43.2 ns (10812500/12500000 steps).
Running 1687500 steps (6.8 ns) ...

=== launch gla_deprot_50ns_r2 seed=1008 at 2026-07-22 11:36:58 ===
Loaded existing system.
Resuming from checkpoint at 49.5 ns (12375000/12500000 steps).
Running 125000 steps (0.5 ns) ...
PRODUCTION COMPLETE: 50.0 ns. Trajectory: md\gla_deprot_50ns_r2\traj.dcd
