[2026-07-22 21:49:52] REPLICATE supervisor started: 28 runs (r2+r3 x 14 systems). Policy: pause@78C or every 90min, resume@56C.
[2026-07-22 21:49:52] SKIP epa_50ns_r2 (already at 50 ns)
[2026-07-22 21:49:52] SKIP gla_50ns_r2 (already at 50 ns)
[2026-07-22 21:49:52] SKIP palmitic_50ns_r2 (already at 50 ns)
[2026-07-22 21:49:52] SKIP apo_toxt_50ns_r2 (already at 50 ns)
[2026-07-22 21:49:52] SKIP epa_50ns_r3 (already at 50 ns)
[2026-07-22 21:49:52] SKIP gla_50ns_r3 (already at 50 ns)
[2026-07-22 21:49:52] SKIP palmitic_50ns_r3 (already at 50 ns)
[2026-07-22 21:49:52] SKIP apo_toxt_50ns_r3 (already at 50 ns)
[2026-07-22 21:49:52] SKIP methyl_epa_50ns_r2 (already at 50 ns)
[2026-07-22 21:49:52] SKIP epa_deprot_50ns_r2 (already at 50 ns)
[2026-07-22 21:49:52] SKIP gla_ester_50ns_r2 (already at 50 ns)
[2026-07-22 21:49:52] SKIP gla_deprot_50ns_r2 (already at 50 ns)
[2026-07-22 21:49:54] START/RESUME methyl_palmitate_50ns_r2 (seed 1009)  (GPU 45 C, 61.3 GB free)
[2026-07-22 21:55:16] EXIT methyl_palmitate_50ns_r2 rc=4294967295 (failure 1/3)
[2026-07-22 22:03:00] REPLICATE supervisor started: 28 runs (r2+r3 x 14 systems). Policy: pause@78C or every 90min, resume@56C.
[2026-07-22 22:03:00] SKIP epa_50ns_r2 (already at 50 ns)
[2026-07-22 22:03:00] SKIP gla_50ns_r2 (already at 50 ns)
[2026-07-22 22:03:00] SKIP palmitic_50ns_r2 (already at 50 ns)
[2026-07-22 22:03:00] SKIP apo_toxt_50ns_r2 (already at 50 ns)
[2026-07-22 22:03:00] SKIP epa_50ns_r3 (already at 50 ns)
[2026-07-22 22:03:00] SKIP gla_50ns_r3 (already at 50 ns)
[2026-07-22 22:03:00] SKIP palmitic_50ns_r3 (already at 50 ns)
[2026-07-22 22:03:00] SKIP apo_toxt_50ns_r3 (already at 50 ns)
[2026-07-22 22:03:00] SKIP methyl_epa_50ns_r2 (already at 50 ns)
[2026-07-22 22:03:00] SKIP epa_deprot_50ns_r2 (already at 50 ns)
[2026-07-22 22:03:00] SKIP gla_ester_50ns_r2 (already at 50 ns)
[2026-07-22 22:03:00] SKIP gla_deprot_50ns_r2 (already at 50 ns)
[2026-07-22 22:03:02] START/RESUME methyl_palmitate_50ns_r2 (seed 1009)  (GPU 45 C, 61.3 GB free)
^C