#################################################################
# If you used AutoDock Vina in your work, please cite:          #
#                                                               #
# O. Trott, A. J. Olson,                                        #
# AutoDock Vina: improving the speed and accuracy of docking    #
# with a new scoring function, efficient optimization and       #
# multithreading, Journal of Computational Chemistry 31 (2010)  #
# 455-461                                                       #
#                                                               #
# DOI 10.1002/jcc.21334                                         #
#                                                               #
# Please see http://vina.scripps.edu for more information.      #
#################################################################

Reading input ... done.
Setting up the scoring function ... done.
Analyzing the binding site ... done.
Using random seed: 42
Performing search ... done.
Refining results ... done.

mode |   affinity | dist from best mode
     | (kcal/mol) | rmsd l.b.| rmsd u.b.
-----+------------+----------+----------
   1         -8.3      0.000      0.000
   2         -8.2      0.969      5.795
   3         -8.1      1.267      2.411
   4         -8.1      1.122      5.076
   5         -8.0      0.783      5.938
   6         -8.0      1.467      5.675
   7         -8.0      1.034      5.778
   8         -8.0      1.592      4.979
   9         -7.9      1.167      6.694
  10         -7.9      1.272      4.657
  11         -7.9      1.165      4.936
  12         -7.8      1.087      1.860
  13         -7.8      1.511      4.058
  14         -7.7      1.423      6.318
  15         -7.7      1.163      6.693
  16         -7.5      1.236      6.508
  17         -7.5      1.294      4.187
  18         -7.4      1.404      3.799
  19         -7.3      1.453      6.757
  20         -7.2      1.335      4.432
Writing output ... done.
