AutoDock Vina v1.2.7
#################################################################
# If you used AutoDock Vina in your work, please cite:          #
#                                                               #
# J. Eberhardt, D. Santos-Martins, A. F. Tillack, and S. Forli  #
# AutoDock Vina 1.2.0: New Docking Methods, Expanded Force      #
# Field, and Python Bindings, J. Chem. Inf. Model. (2021)       #
# DOI 10.1021/acs.jcim.1c00203                                  #
#                                                               #
# O. Trott, A. J. Olson,                                        #
# AutoDock Vina: improving the speed and accuracy of docking    #
# with a new scoring function, efficient optimization and       #
# multithreading, J. Comp. Chem. (2010)                         #
# DOI 10.1002/jcc.21334                                         #
#                                                               #
# Please see https://github.com/ccsb-scripps/AutoDock-Vina for  #
# more information.                                             #
#################################################################

Scoring function : vina
Rigid receptor: prepared_structures\3GBG_meeko.pdbqt
Ligand: prepared_structures\palmitic_acid.pdbqt
Grid center: X 54.649 Y 44.645 Z 18.852
Grid size  : X 15.044 Y 19.121 Z 15.676
Grid space : 0.375
Exhaustiveness: 16
CPU: 4
Verbosity: 1

Computing Vina grid ... done.
Performing docking (random seed: 42) ... 
0%   10   20   30   40   50   60   70   80   90   100%
|----|----|----|----|----|----|----|----|----|----|
***************************************************

mode |   affinity | dist from best mode
     | (kcal/mol) | rmsd l.b.| rmsd u.b.
-----+------------+----------+----------
   1       -7.317          0          0
   2       -7.307      1.397      4.505
   3       -7.229      1.131      4.231
   4       -7.198     0.9107      3.833
   5       -7.185      1.319      2.286
   6       -6.869      3.036      4.317
   7        -6.75      2.806      4.856
   8       -6.749       2.93      5.273
   9       -6.727      2.392       3.31
  10       -6.709      2.351      4.695
  11       -6.616       2.06      4.143
  12       -6.615      1.626      4.935
  13       -6.612        1.7      3.303
  14       -6.587      1.057      4.074
  15       -6.523      2.363      4.507
  16       -6.481      2.571      5.094
  17       -6.424      3.129      6.563
  18       -6.383       3.02      5.068
  19       -6.377       2.01      4.671
  20       -6.327      1.546      3.849
