AutoDock Vina v1.2.7
#################################################################
# If you used AutoDock Vina in your work, please cite:          #
#                                                               #
# J. Eberhardt, D. Santos-Martins, A. F. Tillack, and S. Forli  #
# AutoDock Vina 1.2.0: New Docking Methods, Expanded Force      #
# Field, and Python Bindings, J. Chem. Inf. Model. (2021)       #
# DOI 10.1021/acs.jcim.1c00203                                  #
#                                                               #
# O. Trott, A. J. Olson,                                        #
# AutoDock Vina: improving the speed and accuracy of docking    #
# with a new scoring function, efficient optimization and       #
# multithreading, J. Comp. Chem. (2010)                         #
# DOI 10.1002/jcc.21334                                         #
#                                                               #
# Please see https://github.com/ccsb-scripps/AutoDock-Vina for  #
# more information.                                             #
#################################################################

Scoring function : vina
Rigid receptor: prepared_structures\3GBG_meeko.pdbqt
Ligand: prepared_structures\polyunsaturated_ester.pdbqt
Grid center: X 54.649 Y 44.645 Z 18.852
Grid size  : X 15.044 Y 19.121 Z 15.676
Grid space : 0.375
Exhaustiveness: 16
CPU: 4
Verbosity: 1

Computing Vina grid ... done.
Performing docking (random seed: 42) ... 
0%   10   20   30   40   50   60   70   80   90   100%
|----|----|----|----|----|----|----|----|----|----|
***************************************************

mode |   affinity | dist from best mode
     | (kcal/mol) | rmsd l.b.| rmsd u.b.
-----+------------+----------+----------
   1       -7.969          0          0
   2       -7.961       1.31      2.231
   3        -7.95      1.161      1.849
   4       -7.859      1.792      2.409
   5       -7.858        1.8      4.117
   6       -7.715      1.875      2.446
   7       -7.512      1.459      3.491
   8       -7.438      1.467      2.774
   9       -7.351      2.633      6.111
  10       -7.297      1.374      3.838
  11       -7.281      2.129      3.332
  12       -7.265       2.99      5.391
  13       -7.259      2.105       6.27
  14       -7.155      2.865       5.68
  15       -7.091      2.555      6.181
  16       -7.057      2.569      5.856
  17       -6.863      2.239      4.582
  18       -6.731      2.647      7.089
  19       -6.642       1.67       4.95
  20       -6.484      2.453      6.366
