
=== launch glucose_decoy_50ns_r3 seed=2012 at 2026-07-29 14:49:23 ===
Building system (one-time) ...
C:\Users\ASUS\miniforge3\envs\md\Lib\site-packages\openff\interchange\components\interchange.py:1119: FutureWarning: `torch.distributed.reduce_op` is deprecated, please use `torch.distributed.ReduceOp` instead
  if isinstance(obj, functools._lru_cache_wrapper) and obj.__module__.startswith("openff.interchange"):
1 warning generated.
Equilibration done.
Starting production from equilibrated state.
Running 12500000 steps (50.0 ns) ...

=== launch glucose_decoy_50ns_r3 seed=2012 at 2026-07-29 16:20:04 ===
Loaded existing system.
Resuming from checkpoint at 6.2 ns (1562500/12500000 steps).
Running 10937500 steps (43.8 ns) ...

=== launch glucose_decoy_50ns_r3 seed=2012 at 2026-07-29 17:50:41 ===
Loaded existing system.
Resuming from checkpoint at 12.8 ns (3187500/12500000 steps).
Running 9312500 steps (37.2 ns) ...

=== launch glucose_decoy_50ns_r3 seed=2012 at 2026-07-29 19:21:17 ===
Loaded existing system.
Resuming from checkpoint at 19.2 ns (4812500/12500000 steps).
Running 7687500 steps (30.8 ns) ...

=== launch glucose_decoy_50ns_r3 seed=2012 at 2026-07-29 20:51:51 ===
Loaded existing system.
Resuming from checkpoint at 25.5 ns (6375000/12500000 steps).
Running 6125000 steps (24.5 ns) ...

=== launch glucose_decoy_50ns_r3 seed=2012 at 2026-07-29 22:22:27 ===
Loaded existing system.
Resuming from checkpoint at 31.8 ns (7937500/12500000 steps).
Running 4562500 steps (18.2 ns) ...

=== launch glucose_decoy_50ns_r3 seed=2012 at 2026-07-29 22:57:36 ===
Loaded existing system.
Resuming from checkpoint at 34.0 ns (8500000/12500000 steps).
Running 4000000 steps (16.0 ns) ...

=== launch glucose_decoy_50ns_r3 seed=2012 at 2026-07-30 00:28:12 ===
Loaded existing system.
Resuming from checkpoint at 40.2 ns (10062500/12500000 steps).
Running 2437500 steps (9.8 ns) ...

=== launch glucose_decoy_50ns_r3 seed=2012 at 2026-07-30 01:58:53 ===
Loaded existing system.
Resuming from checkpoint at 46.5 ns (11625000/12500000 steps).
Running 875000 steps (3.5 ns) ...
PRODUCTION COMPLETE: 50.0 ns. Trajectory: md\glucose_decoy_50ns_r3\traj.dcd
