
=== launch epa_deprot_50ns_r3 seed=2006 at 2026-07-26 14:44:15 ===
Building system (one-time) ...
C:\Users\ASUS\miniforge3\envs\md\Lib\site-packages\openff\interchange\components\interchange.py:1119: FutureWarning: `torch.distributed.reduce_op` is deprecated, please use `torch.distributed.ReduceOp` instead
  if isinstance(obj, functools._lru_cache_wrapper) and obj.__module__.startswith("openff.interchange"):
1 warning generated.
Equilibration done.
Starting production from equilibrated state.
Running 12500000 steps (50.0 ns) ...

=== launch epa_deprot_50ns_r3 seed=2006 at 2026-07-26 16:14:34 ===
Loaded existing system.
Resuming from checkpoint at 6.2 ns (1562500/12500000 steps).
Running 10937500 steps (43.8 ns) ...

=== launch epa_deprot_50ns_r3 seed=2006 at 2026-07-26 17:45:15 ===
Loaded existing system.
Resuming from checkpoint at 12.5 ns (3125000/12500000 steps).
Running 9375000 steps (37.5 ns) ...

=== launch epa_deprot_50ns_r3 seed=2006 at 2026-07-26 19:15:51 ===
Loaded existing system.
Resuming from checkpoint at 19.0 ns (4750000/12500000 steps).
Running 7750000 steps (31.0 ns) ...

=== launch epa_deprot_50ns_r3 seed=2006 at 2026-07-26 20:47:20 ===
Loaded existing system.
Resuming from checkpoint at 25.5 ns (6375000/12500000 steps).
Running 6125000 steps (24.5 ns) ...

=== launch epa_deprot_50ns_r3 seed=2006 at 2026-07-26 22:18:30 ===
Loaded existing system.
Resuming from checkpoint at 31.8 ns (7937500/12500000 steps).
Running 4562500 steps (18.2 ns) ...

=== launch epa_deprot_50ns_r3 seed=2006 at 2026-07-26 23:43:41 ===
Loaded existing system.
Resuming from checkpoint at 35.0 ns (8750000/12500000 steps).
Running 3750000 steps (15.0 ns) ...

=== launch epa_deprot_50ns_r3 seed=2006 at 2026-07-27 01:14:27 ===
Loaded existing system.
Resuming from checkpoint at 41.5 ns (10375000/12500000 steps).
Running 2125000 steps (8.5 ns) ...

=== launch epa_deprot_50ns_r3 seed=2006 at 2026-07-27 02:45:35 ===
Loaded existing system.
Resuming from checkpoint at 47.8 ns (11937500/12500000 steps).
Running 562500 steps (2.2 ns) ...
PRODUCTION COMPLETE: 50.0 ns. Trajectory: md\epa_deprot_50ns_r3\traj.dcd
