
=== launch pam_50ns_r3 seed=2011 at 2026-07-29 03:06:34 ===
Building system (one-time) ...
C:\Users\ASUS\miniforge3\envs\md\Lib\site-packages\openff\interchange\components\interchange.py:1119: FutureWarning: `torch.distributed.reduce_op` is deprecated, please use `torch.distributed.ReduceOp` instead
  if isinstance(obj, functools._lru_cache_wrapper) and obj.__module__.startswith("openff.interchange"):
1 warning generated.
Equilibration done.
Starting production from equilibrated state.
Running 12500000 steps (50.0 ns) ...

=== launch pam_50ns_r3 seed=2011 at 2026-07-29 04:36:57 ===
Loaded existing system.
Resuming from checkpoint at 6.2 ns (1562500/12500000 steps).
Running 10937500 steps (43.8 ns) ...

=== launch pam_50ns_r3 seed=2011 at 2026-07-29 06:07:21 ===
Loaded existing system.
Resuming from checkpoint at 12.8 ns (3187500/12500000 steps).
Running 9312500 steps (37.2 ns) ...

=== launch pam_50ns_r3 seed=2011 at 2026-07-29 07:37:46 ===
Loaded existing system.
Resuming from checkpoint at 19.2 ns (4812500/12500000 steps).
Running 7687500 steps (30.8 ns) ...

=== launch pam_50ns_r3 seed=2011 at 2026-07-29 09:08:09 ===
Loaded existing system.
Resuming from checkpoint at 25.8 ns (6437500/12500000 steps).
Running 6062500 steps (24.2 ns) ...

=== launch pam_50ns_r3 seed=2011 at 2026-07-29 10:38:34 ===
Loaded existing system.
Resuming from checkpoint at 32.2 ns (8062500/12500000 steps).
Running 4437500 steps (17.8 ns) ...

=== launch pam_50ns_r3 seed=2011 at 2026-07-29 12:08:59 ===
Loaded existing system.
Resuming from checkpoint at 38.8 ns (9687500/12500000 steps).
Running 2812500 steps (11.2 ns) ...

=== launch pam_50ns_r3 seed=2011 at 2026-07-29 13:39:45 ===
Loaded existing system.
Resuming from checkpoint at 45.0 ns (11250000/12500000 steps).
Running 1250000 steps (5.0 ns) ...
PRODUCTION COMPLETE: 50.0 ns. Trajectory: md\pam_50ns_r3\traj.dcd
