
=== launch gla_ester_50ns_r3 seed=2007 at 2026-07-27 03:17:20 ===
Building system (one-time) ...
C:\Users\ASUS\miniforge3\envs\md\Lib\site-packages\openff\interchange\components\interchange.py:1119: FutureWarning: `torch.distributed.reduce_op` is deprecated, please use `torch.distributed.ReduceOp` instead
  if isinstance(obj, functools._lru_cache_wrapper) and obj.__module__.startswith("openff.interchange"):
1 warning generated.
Equilibration done.
Starting production from equilibrated state.
Running 12500000 steps (50.0 ns) ...

=== launch gla_ester_50ns_r3 seed=2007 at 2026-07-27 04:48:28 ===
Loaded existing system.
Resuming from checkpoint at 6.2 ns (1562500/12500000 steps).
Running 10937500 steps (43.8 ns) ...

=== launch gla_ester_50ns_r3 seed=2007 at 2026-07-27 06:19:22 ===
Loaded existing system.
Resuming from checkpoint at 12.5 ns (3125000/12500000 steps).
Running 9375000 steps (37.5 ns) ...

=== launch gla_ester_50ns_r3 seed=2007 at 2026-07-27 07:50:27 ===
Loaded existing system.
Resuming from checkpoint at 18.8 ns (4687500/12500000 steps).
Running 7812500 steps (31.2 ns) ...

=== launch gla_ester_50ns_r3 seed=2007 at 2026-07-27 09:21:17 ===
Loaded existing system.
Resuming from checkpoint at 25.0 ns (6250000/12500000 steps).
Running 6250000 steps (25.0 ns) ...

=== launch gla_ester_50ns_r3 seed=2007 at 2026-07-27 10:52:25 ===
Loaded existing system.
Resuming from checkpoint at 31.2 ns (7812500/12500000 steps).
Running 4687500 steps (18.8 ns) ...

=== launch gla_ester_50ns_r3 seed=2007 at 2026-07-27 12:23:30 ===
Loaded existing system.
Resuming from checkpoint at 37.5 ns (9375000/12500000 steps).
Running 3125000 steps (12.5 ns) ...

=== launch gla_ester_50ns_r3 seed=2007 at 2026-07-27 13:53:55 ===
Loaded existing system.
Resuming from checkpoint at 43.8 ns (10937500/12500000 steps).
Running 1562500 steps (6.2 ns) ...
PRODUCTION COMPLETE: 50.0 ns. Trajectory: md\gla_ester_50ns_r3\traj.dcd
