
=== launch glucose_decoy_50ns_r2 seed=1012 at 2026-07-24 12:41:47 ===
Building system (one-time) ...
C:\Users\ASUS\miniforge3\envs\md\Lib\site-packages\openff\interchange\components\interchange.py:1119: FutureWarning: `torch.distributed.reduce_op` is deprecated, please use `torch.distributed.ReduceOp` instead
  if isinstance(obj, functools._lru_cache_wrapper) and obj.__module__.startswith("openff.interchange"):
Equilibration done.
Starting production from equilibrated state.
Running 12500000 steps (50.0 ns) ...

=== launch glucose_decoy_50ns_r2 seed=1012 at 2026-07-24 14:12:33 ===
Loaded existing system.
Resuming from checkpoint at 6.0 ns (1500000/12500000 steps).
Running 11000000 steps (44.0 ns) ...

=== launch glucose_decoy_50ns_r2 seed=1012 at 2026-07-24 15:42:50 ===
Loaded existing system.
Resuming from checkpoint at 12.5 ns (3125000/12500000 steps).
Running 9375000 steps (37.5 ns) ...

=== launch glucose_decoy_50ns_r2 seed=1012 at 2026-07-24 17:13:20 ===
Loaded existing system.
Resuming from checkpoint at 19.0 ns (4750000/12500000 steps).
Running 7750000 steps (31.0 ns) ...

=== launch glucose_decoy_50ns_r2 seed=1012 at 2026-07-24 18:43:40 ===
Loaded existing system.
Resuming from checkpoint at 25.2 ns (6312500/12500000 steps).
Running 6187500 steps (24.8 ns) ...

=== launch glucose_decoy_50ns_r2 seed=1012 at 2026-07-24 20:14:11 ===
Loaded existing system.
Resuming from checkpoint at 31.8 ns (7937500/12500000 steps).
Running 4562500 steps (18.2 ns) ...

=== launch glucose_decoy_50ns_r2 seed=1012 at 2026-07-24 21:44:30 ===
Loaded existing system.
Resuming from checkpoint at 38.2 ns (9562500/12500000 steps).
Running 2937500 steps (11.8 ns) ...

=== launch glucose_decoy_50ns_r2 seed=1012 at 2026-07-24 23:08:21 ===
Loaded existing system.
Resuming from checkpoint at 44.0 ns (11000000/12500000 steps).
Running 1500000 steps (6.0 ns) ...
PRODUCTION COMPLETE: 50.0 ns. Trajectory: md\glucose_decoy_50ns_r2\traj.dcd
