
=== launch epa_50ns_r3 seed=2001 at 2026-07-19 07:38:34 ===
Building system (one-time) ...
C:\Users\ASUS\miniforge3\envs\md\Lib\site-packages\openff\interchange\components\interchange.py:1119: FutureWarning: `torch.distributed.reduce_op` is deprecated, please use `torch.distributed.ReduceOp` instead
  if isinstance(obj, functools._lru_cache_wrapper) and obj.__module__.startswith("openff.interchange"):
1 warning generated.
Equilibration done.
Starting production from equilibrated state.
Running 12500000 steps (50.0 ns) ...

=== launch epa_50ns_r3 seed=2001 at 2026-07-19 09:09:22 ===
Loaded existing system.
Resuming from checkpoint at 6.2 ns (1562500/12500000 steps).
Running 10937500 steps (43.8 ns) ...

=== launch epa_50ns_r3 seed=2001 at 2026-07-19 10:40:07 ===
Loaded existing system.
Resuming from checkpoint at 12.8 ns (3187500/12500000 steps).
Running 9312500 steps (37.2 ns) ...

=== launch epa_50ns_r3 seed=2001 at 2026-07-19 12:10:55 ===
Loaded existing system.
Resuming from checkpoint at 19.0 ns (4750000/12500000 steps).
Running 7750000 steps (31.0 ns) ...

=== launch epa_50ns_r3 seed=2001 at 2026-07-19 13:41:41 ===
Loaded existing system.
Resuming from checkpoint at 25.2 ns (6312500/12500000 steps).
Running 6187500 steps (24.8 ns) ...

=== launch epa_50ns_r3 seed=2001 at 2026-07-19 15:12:17 ===
Loaded existing system.
Resuming from checkpoint at 31.5 ns (7875000/12500000 steps).
Running 4625000 steps (18.5 ns) ...

=== launch epa_50ns_r3 seed=2001 at 2026-07-19 16:42:51 ===
Loaded existing system.
Resuming from checkpoint at 37.8 ns (9437500/12500000 steps).
Running 3062500 steps (12.2 ns) ...

=== launch epa_50ns_r3 seed=2001 at 2026-07-19 18:13:28 ===
Loaded existing system.
Resuming from checkpoint at 44.0 ns (11000000/12500000 steps).
Running 1500000 steps (6.0 ns) ...
PRODUCTION COMPLETE: 50.0 ns. Trajectory: md\epa_50ns_r3\traj.dcd
