
=== launch methyl_epa_50ns_r3 seed=2005 at 2026-07-26 00:48:45 ===
Building system (one-time) ...
C:\Users\ASUS\miniforge3\envs\md\Lib\site-packages\openff\interchange\components\interchange.py:1119: FutureWarning: `torch.distributed.reduce_op` is deprecated, please use `torch.distributed.ReduceOp` instead
  if isinstance(obj, functools._lru_cache_wrapper) and obj.__module__.startswith("openff.interchange"):
1 warning generated.
Equilibration done.
Starting production from equilibrated state.
Running 12500000 steps (50.0 ns) ...

=== launch methyl_epa_50ns_r3 seed=2005 at 2026-07-26 02:19:56 ===
Loaded existing system.
Resuming from checkpoint at 6.2 ns (1562500/12500000 steps).
Running 10937500 steps (43.8 ns) ...

=== launch methyl_epa_50ns_r3 seed=2005 at 2026-07-26 03:51:33 ===
Loaded existing system.
Resuming from checkpoint at 12.5 ns (3125000/12500000 steps).
Running 9375000 steps (37.5 ns) ...

=== launch methyl_epa_50ns_r3 seed=2005 at 2026-07-26 05:23:11 ===
Loaded existing system.
Resuming from checkpoint at 18.8 ns (4687500/12500000 steps).
Running 7812500 steps (31.2 ns) ...

=== launch methyl_epa_50ns_r3 seed=2005 at 2026-07-26 05:34:29 ===
Loaded existing system.
Resuming from checkpoint at 19.2 ns (4812500/12500000 steps).
Running 7687500 steps (30.8 ns) ...

=== launch methyl_epa_50ns_r3 seed=2005 at 2026-07-26 05:41:43 ===
Loaded existing system.
Resuming from checkpoint at 19.5 ns (4875000/12500000 steps).
Running 7625000 steps (30.5 ns) ...

=== launch methyl_epa_50ns_r3 seed=2005 at 2026-07-26 05:48:59 ===
Loaded existing system.
Resuming from checkpoint at 19.8 ns (4937500/12500000 steps).
Running 7562500 steps (30.2 ns) ...

=== launch methyl_epa_50ns_r3 seed=2005 at 2026-07-26 05:56:14 ===
Loaded existing system.
Resuming from checkpoint at 20.0 ns (5000000/12500000 steps).
Running 7500000 steps (30.0 ns) ...

=== launch methyl_epa_50ns_r3 seed=2005 at 2026-07-26 06:03:15 ===
Loaded existing system.
Resuming from checkpoint at 20.2 ns (5062500/12500000 steps).
Running 7437500 steps (29.8 ns) ...

=== launch methyl_epa_50ns_r3 seed=2005 at 2026-07-26 06:10:16 ===
Loaded existing system.
Resuming from checkpoint at 20.5 ns (5125000/12500000 steps).
Running 7375000 steps (29.5 ns) ...

=== launch methyl_epa_50ns_r3 seed=2005 at 2026-07-26 06:17:01 ===
Loaded existing system.
Resuming from checkpoint at 20.8 ns (5187500/12500000 steps).
Running 7312500 steps (29.2 ns) ...

=== launch methyl_epa_50ns_r3 seed=2005 at 2026-07-26 06:24:00 ===
Loaded existing system.
Resuming from checkpoint at 21.0 ns (5250000/12500000 steps).
Running 7250000 steps (29.0 ns) ...

=== launch methyl_epa_50ns_r3 seed=2005 at 2026-07-26 06:31:46 ===
Loaded existing system.
Resuming from checkpoint at 21.2 ns (5312500/12500000 steps).
Running 7187500 steps (28.8 ns) ...

=== launch methyl_epa_50ns_r3 seed=2005 at 2026-07-26 06:37:31 ===
Loaded existing system.
Resuming from checkpoint at 21.2 ns (5312500/12500000 steps).
Running 7187500 steps (28.8 ns) ...

=== launch methyl_epa_50ns_r3 seed=2005 at 2026-07-26 06:44:29 ===
Loaded existing system.
Resuming from checkpoint at 21.5 ns (5375000/12500000 steps).
Running 7125000 steps (28.5 ns) ...

=== launch methyl_epa_50ns_r3 seed=2005 at 2026-07-26 06:51:45 ===
Loaded existing system.
Resuming from checkpoint at 21.8 ns (5437500/12500000 steps).
Running 7062500 steps (28.2 ns) ...

=== launch methyl_epa_50ns_r3 seed=2005 at 2026-07-26 06:58:45 ===
Loaded existing system.
Resuming from checkpoint at 22.0 ns (5500000/12500000 steps).
Running 7000000 steps (28.0 ns) ...

=== launch methyl_epa_50ns_r3 seed=2005 at 2026-07-26 07:05:28 ===
Loaded existing system.
Resuming from checkpoint at 22.2 ns (5562500/12500000 steps).
Running 6937500 steps (27.8 ns) ...

=== launch methyl_epa_50ns_r3 seed=2005 at 2026-07-26 07:12:45 ===
Loaded existing system.
Resuming from checkpoint at 22.5 ns (5625000/12500000 steps).
Running 6875000 steps (27.5 ns) ...

=== launch methyl_epa_50ns_r3 seed=2005 at 2026-07-26 07:20:48 ===
Loaded existing system.
Resuming from checkpoint at 22.8 ns (5687500/12500000 steps).
Running 6812500 steps (27.2 ns) ...

=== launch methyl_epa_50ns_r3 seed=2005 at 2026-07-26 07:28:18 ===
Loaded existing system.
Resuming from checkpoint at 23.0 ns (5750000/12500000 steps).
Running 6750000 steps (27.0 ns) ...

=== launch methyl_epa_50ns_r3 seed=2005 at 2026-07-26 07:35:34 ===
Loaded existing system.
Resuming from checkpoint at 23.2 ns (5812500/12500000 steps).
Running 6687500 steps (26.8 ns) ...

=== launch methyl_epa_50ns_r3 seed=2005 at 2026-07-26 07:42:51 ===
Loaded existing system.
Resuming from checkpoint at 23.5 ns (5875000/12500000 steps).
Running 6625000 steps (26.5 ns) ...

=== launch methyl_epa_50ns_r3 seed=2005 at 2026-07-26 07:48:36 ===
Loaded existing system.
Resuming from checkpoint at 23.5 ns (5875000/12500000 steps).
Running 6625000 steps (26.5 ns) ...

=== launch methyl_epa_50ns_r3 seed=2005 at 2026-07-26 07:56:10 ===
Loaded existing system.
Resuming from checkpoint at 23.8 ns (5937500/12500000 steps).
Running 6562500 steps (26.2 ns) ...

=== launch methyl_epa_50ns_r3 seed=2005 at 2026-07-26 08:02:10 ===
Loaded existing system.
Resuming from checkpoint at 24.0 ns (6000000/12500000 steps).
Running 6500000 steps (26.0 ns) ...

=== launch methyl_epa_50ns_r3 seed=2005 at 2026-07-26 08:09:10 ===
Loaded existing system.
Resuming from checkpoint at 24.2 ns (6062500/12500000 steps).
Running 6437500 steps (25.8 ns) ...

=== launch methyl_epa_50ns_r3 seed=2005 at 2026-07-26 08:16:26 ===
Loaded existing system.
Resuming from checkpoint at 24.5 ns (6125000/12500000 steps).
Running 6375000 steps (25.5 ns) ...

=== launch methyl_epa_50ns_r3 seed=2005 at 2026-07-26 08:24:14 ===
Loaded existing system.
Resuming from checkpoint at 24.8 ns (6187500/12500000 steps).
Running 6312500 steps (25.2 ns) ...

=== launch methyl_epa_50ns_r3 seed=2005 at 2026-07-26 08:29:56 ===
Loaded existing system.
Resuming from checkpoint at 25.0 ns (6250000/12500000 steps).
Running 6250000 steps (25.0 ns) ...

=== launch methyl_epa_50ns_r3 seed=2005 at 2026-07-26 08:36:58 ===
Loaded existing system.
Resuming from checkpoint at 25.2 ns (6312500/12500000 steps).
Running 6187500 steps (24.8 ns) ...

=== launch methyl_epa_50ns_r3 seed=2005 at 2026-07-26 08:45:20 ===
Loaded existing system.
Resuming from checkpoint at 25.5 ns (6375000/12500000 steps).
Running 6125000 steps (24.5 ns) ...

=== launch methyl_epa_50ns_r3 seed=2005 at 2026-07-26 08:53:55 ===
Loaded existing system.
Resuming from checkpoint at 25.8 ns (6437500/12500000 steps).
Running 6062500 steps (24.2 ns) ...

=== launch methyl_epa_50ns_r3 seed=2005 at 2026-07-26 09:00:54 ===
Loaded existing system.
Resuming from checkpoint at 26.0 ns (6500000/12500000 steps).
Running 6000000 steps (24.0 ns) ...

=== launch methyl_epa_50ns_r3 seed=2005 at 2026-07-26 09:37:50 ===
Loaded existing system.
Resuming from checkpoint at 28.2 ns (7062500/12500000 steps).
Running 5437500 steps (21.8 ns) ...

=== launch methyl_epa_50ns_r3 seed=2005 at 2026-07-26 11:08:21 ===
Loaded existing system.
Resuming from checkpoint at 34.5 ns (8625000/12500000 steps).
Running 3875000 steps (15.5 ns) ...

=== launch methyl_epa_50ns_r3 seed=2005 at 2026-07-26 12:38:56 ===
Loaded existing system.
Resuming from checkpoint at 41.0 ns (10250000/12500000 steps).
Running 2250000 steps (9.0 ns) ...

=== launch methyl_epa_50ns_r3 seed=2005 at 2026-07-26 14:09:30 ===
Loaded existing system.
Resuming from checkpoint at 47.5 ns (11875000/12500000 steps).
Running 625000 steps (2.5 ns) ...
PRODUCTION COMPLETE: 50.0 ns. Trajectory: md\methyl_epa_50ns_r3\traj.dcd
