
=== launch apo_toxt_50ns_r2 seed=1004 at 2026-07-18 19:57:41 ===
Building apo system (one-time) ...
1 warning generated.
Equilibration done.
Starting apo production.

=== launch apo_toxt_50ns_r2 seed=1004 at 2026-07-18 21:29:01 ===
Loaded existing apo system.
Resuming apo from 6.2 ns (1562500/12500000).

=== launch apo_toxt_50ns_r2 seed=1004 at 2026-07-18 22:59:47 ===
Loaded existing apo system.
Resuming apo from 12.8 ns (3187500/12500000).

=== launch apo_toxt_50ns_r2 seed=1004 at 2026-07-19 00:30:33 ===
Loaded existing apo system.
Resuming apo from 19.2 ns (4812500/12500000).

=== launch apo_toxt_50ns_r2 seed=1004 at 2026-07-19 02:01:16 ===
Loaded existing apo system.
Resuming apo from 25.8 ns (6437500/12500000).

=== launch apo_toxt_50ns_r2 seed=1004 at 2026-07-19 03:31:44 ===
Loaded existing apo system.
Resuming apo from 32.2 ns (8062500/12500000).

=== launch apo_toxt_50ns_r2 seed=1004 at 2026-07-19 05:02:11 ===
Loaded existing apo system.
Resuming apo from 38.8 ns (9687500/12500000).

=== launch apo_toxt_50ns_r2 seed=1004 at 2026-07-19 06:32:41 ===
Loaded existing apo system.
Resuming apo from 45.2 ns (11312500/12500000).
APO PRODUCTION COMPLETE: 50.0 ns.
